2026-09-17 14:40:15,347 Downloading mojang_1.21.4.jar
2026-09-17 14:48:49,394 java.lang.reflect.InvocationTargetException
2026-09-17 14:48:49,395 	at java.base/jdk.internal.reflect.DirectMethodHandleAccessor.invoke(DirectMethodHandleAccessor.java:118)
2026-09-17 14:48:49,395 	at java.base/java.lang.reflect.Method.invoke(Method.java:580)
2026-09-17 14:48:49,395 	at io.papermc.paperclip.Main.main(Main.java:26)
2026-09-17 14:48:49,395 Caused by: java.lang.IllegalStateException: Hash check failed for downloaded file mojang_1.21.4.jar
2026-09-17 14:48:49,395 	at io.papermc.paperclip.DownloadContext.download(DownloadContext.java:66)
2026-09-17 14:48:49,396 	at io.papermc.paperclip.Paperclip.setupClasspath(Paperclip.java:63)
2026-09-17 14:48:49,411 	at io.papermc.paperclip.Paperclip.main(Paperclip.java:28)
2026-09-17 14:48:49,411 	at java.base/jdk.internal.reflect.DirectMethodHandleAccessor.invoke(DirectMethodHandleAccessor.java:103)
2026-09-17 14:48:49,412 	... 2 more
2026-09-17 15:21:14,413 Downloading mojang_1.21.4.jar
2026-09-17 15:26:54,808 java.lang.reflect.InvocationTargetException
2026-09-17 15:26:54,809 	at java.base/jdk.internal.reflect.DirectMethodHandleAccessor.invoke(DirectMethodHandleAccessor.java:118)
2026-09-17 15:26:54,810 	at java.base/java.lang.reflect.Method.invoke(Method.java:580)
2026-09-17 15:26:54,810 	at io.papermc.paperclip.Main.main(Main.java:26)
2026-09-17 15:26:54,811 Caused by: java.lang.IllegalStateException: Hash check failed for downloaded file mojang_1.21.4.jar
2026-09-17 15:26:54,811 	at io.papermc.paperclip.DownloadContext.download(DownloadContext.java:66)
2026-09-17 15:26:54,813 	at io.papermc.paperclip.Paperclip.setupClasspath(Paperclip.java:63)
2026-09-17 15:26:54,813 	at io.papermc.paperclip.Paperclip.main(Paperclip.java:28)
2026-09-17 15:26:54,813 	at java.base/jdk.internal.reflect.DirectMethodHandleAccessor.invoke(DirectMethodHandleAccessor.java:103)
2026-09-17 15:26:54,814 	... 2 more
2026-09-17 16:01:41,294 Applying patches
2026-09-17 16:01:44,943 Starting org.bukkit.craftbukkit.Main
2026-09-17 16:01:45,094 *** Warning, you've not updated in a while! ***
2026-09-17 16:01:45,095 *** Please download a new build as per instructions from https://papermc.io/downloads/paper ***
2026-09-17 16:01:45,949 2026-09-17T09:01:45.945326100Z ServerMain WARN Advanced terminal features are not available in this environment
2026-09-17 16:01:46,466 [16:01:46 INFO]: [bootstrap] Running Java 21 (OpenJDK 64-Bit Server VM 21.0.5+11-LTS; Eclipse Adoptium Temurin-21.0.5+11) on Windows 11 10.0 (amd64)
2026-09-17 16:01:46,467 [16:01:46 INFO]: [bootstrap] Loading Paper 1.21.4-1-master@4c39ea2 (2024-12-05T16:46:43Z) for Minecraft 1.21.4
2026-09-17 16:01:47,489 [16:01:47 INFO]: [PluginInitializerManager] Initializing plugins...
2026-09-17 16:01:47,669 [16:01:47 INFO]: [PluginInitializerManager] Initialized 0 plugins
2026-09-17 16:01:48,905 [16:01:48 INFO]: [ReobfServer] Remapping server...
2026-09-17 16:01:57,126 [16:01:57 INFO]: [ReobfServer] Done remapping server in 8212ms.
2026-09-17 16:01:57,657 [16:01:57 INFO]: Environment: Environment[sessionHost=https://sessionserver.mojang.com, servicesHost=https://api.minecraftservices.com, name=PROD]
2026-09-17 16:01:58,062 [16:01:58 INFO]: Found new data pack file/bukkit, loading it automatically
2026-09-17 16:01:58,062 [16:01:58 INFO]: Found new data pack paper, loading it automatically
2026-09-17 16:01:59,227 [16:01:59 INFO]: No existing world data, creating new world
2026-09-17 16:02:00,570 [16:02:00 INFO]: Loaded 1370 recipes
2026-09-17 16:02:00,599 [16:02:00 INFO]: Loaded 1481 advancements
2026-09-17 16:02:00,655 [16:02:00 INFO]: [MCTypeRegistry] Initialising converters for DataConverter...
2026-09-17 16:02:01,013 [16:02:01 INFO]: [MCTypeRegistry] Finished initialising converters for DataConverter in 356.7ms
2026-09-17 16:02:01,121 [16:02:01 INFO]: Starting minecraft server version 1.21.4
2026-09-17 16:02:01,122 [16:02:01 INFO]: Loading properties
2026-09-17 16:02:01,200 [16:02:01 INFO]: This server is running Paper version 1.21.4-1-master@4c39ea2 (2024-12-05T16:46:43Z) (Implementing API version 1.21.4-R0.1-SNAPSHOT)
2026-09-17 16:02:02,570 [16:02:02 INFO]: [spark] This server bundles the spark profiler. For more information please visit https://docs.papermc.io/paper/profiling
2026-09-17 16:02:02,687 [16:02:02 INFO]: Using 4 threads for Netty based IO
2026-09-17 16:02:02,703 [16:02:02 INFO]: Server Ping Player Sample Count: 12
2026-09-17 16:02:03,501 [16:02:03 INFO]: [MoonriseCommon] Paper is using 3 worker threads, 1 I/O threads
2026-09-17 16:02:03,512 [16:02:03 INFO]: [ChunkTaskScheduler] Chunk system is using population gen parallelism: true
2026-09-17 16:02:04,006 [16:02:04 INFO]: Default game type: SURVIVAL
2026-09-17 16:02:04,007 [16:02:04 INFO]: Generating keypair
2026-09-17 16:02:04,061 [16:02:04 INFO]: Starting Minecraft server on *:25565
2026-09-17 16:02:04,154 [16:02:04 INFO]: Using default channel type
2026-09-17 16:02:04,168 [16:02:04 INFO]: Paper: Using Java compression from Velocity.
2026-09-17 16:02:04,168 [16:02:04 INFO]: Paper: Using Java cipher from Velocity.
2026-09-17 16:02:04,228 [16:02:04 WARN]: **** SERVER IS RUNNING IN OFFLINE/INSECURE MODE!
2026-09-17 16:02:04,229 [16:02:04 WARN]: The server will make no attempt to authenticate usernames. Beware.
2026-09-17 16:02:04,229 [16:02:04 WARN]: While this makes the game possible to play without internet access, it also opens up the ability for hackers to connect with any username they choose.
2026-09-17 16:02:04,230 [16:02:04 WARN]: To change this, set "online-mode" to "true" in the server.properties file.
2026-09-17 16:02:04,237 [16:02:04 INFO]: Preparing level "world"
2026-09-17 16:02:11,635 [16:02:11 INFO]: Preparing start region for dimension minecraft:overworld
2026-09-17 16:02:11,695 [16:02:11 INFO]: Preparing spawn area: 2%
2026-09-17 16:02:12,159 [16:02:12 INFO]: Preparing spawn area: 2%
2026-09-17 16:02:12,638 [16:02:12 INFO]: Preparing spawn area: 2%
2026-09-17 16:02:14,059 [16:02:14 INFO]: Preparing spawn area: 2%
2026-09-17 16:02:14,061 [16:02:14 INFO]: Preparing spawn area: 2%
2026-09-17 16:02:14,137 [16:02:14 INFO]: Preparing spawn area: 18%
2026-09-17 16:02:14,637 [16:02:14 INFO]: Preparing spawn area: 51%
2026-09-17 16:02:15,139 [16:02:15 INFO]: Preparing spawn area: 61%
2026-09-17 16:02:15,643 [16:02:15 INFO]: Preparing spawn area: 67%
2026-09-17 16:02:16,304 [16:02:16 INFO]: Preparing spawn area: 71%
2026-09-17 16:02:16,332 [16:02:16 INFO]: Time elapsed: 4696 ms
2026-09-17 16:02:16,333 [16:02:16 INFO]: Preparing start region for dimension minecraft:the_nether
2026-09-17 16:02:16,348 [16:02:16 INFO]: Preparing spawn area: 2%
2026-09-17 16:02:16,852 [16:02:16 INFO]: Preparing spawn area: 12%
2026-09-17 16:02:17,334 [16:02:17 INFO]: Preparing spawn area: 20%
2026-09-17 16:02:17,835 [16:02:17 INFO]: Preparing spawn area: 73%
2026-09-17 16:02:18,004 [16:02:18 INFO]: Time elapsed: 1671 ms
2026-09-17 16:02:18,005 [16:02:18 INFO]: Preparing start region for dimension minecraft:the_end
2026-09-17 16:02:18,015 [16:02:18 INFO]: Preparing spawn area: 2%
2026-09-17 16:02:18,488 [16:02:18 INFO]: Time elapsed: 484 ms
2026-09-17 16:02:18,794 [16:02:18 INFO]: [spark] Starting background profiler...
2026-09-17 16:02:18,830 [16:02:18 INFO]: [spark] The async-profiler engine is not supported for your os/arch (windows11/amd64), so the built-in Java engine will be used instead.
2026-09-17 16:02:18,989 [16:02:18 INFO]: Done preparing level "world" (14.754s)
2026-09-17 16:02:19,026 [16:02:19 INFO]: Running delayed init tasks
2026-09-17 16:02:19,029 [16:02:19 INFO]: Done (34.039s)! For help, type "help"
2026-09-17 16:02:19,029 [16:02:19 INFO]: *************************************************************************************
2026-09-17 16:02:19,030 [16:02:19 INFO]: This is the first time you're starting this server.
2026-09-17 16:02:19,030 [16:02:19 INFO]: It's recommended you read our 'Getting Started' documentation for guidance.
2026-09-17 16:02:19,031 [16:02:19 INFO]: View this and more helpful information here: https://docs.papermc.io/paper/next-steps
2026-09-17 16:02:19,032 [16:02:19 INFO]: *************************************************************************************
2026-09-17 16:04:50,946 [16:04:50 INFO]: UUID of player Hasbiboys_15 is 0ca787c0-0730-3423-a5c7-0ffe3e0a90c7
2026-09-17 16:04:53,624 [16:04:53 INFO]: Hasbiboys_15 joined the game
2026-09-17 16:04:53,680 [16:04:53 INFO]: Hasbiboys_15[/127.0.0.1:53365] logged in with entity id 49 at ([world]-524.5, 72.0, -208.5)
2026-09-17 16:05:57,559 [16:05:57 INFO]: Hasbiboys_15 lost connection: Disconnected
2026-09-17 16:05:57,649 [16:05:57 INFO]: Hasbiboys_15 left the game
2026-09-17 16:06:09,025 [16:06:09 INFO]: Stopping the server
2026-09-17 16:06:09,043 [16:06:09 INFO]: Stopping server
2026-09-17 16:06:09,106 [16:06:09 INFO]: Saving players
2026-09-17 16:06:09,216 [16:06:09 INFO]: Saving worlds
2026-09-17 16:06:09,219 [16:06:09 INFO]: Saving chunks for level 'ServerLevel[world]'/minecraft:overworld
2026-09-17 16:06:09,280 [16:06:09 INFO]: [ChunkHolderManager] Waiting 60s for chunk system to halt for world 'world'
2026-09-17 16:06:09,281 [16:06:09 INFO]: [ChunkHolderManager] Halted chunk system for world 'world'
2026-09-17 16:06:09,283 [16:06:09 INFO]: [ChunkHolderManager] Saving all chunkholders for world 'world'
2026-09-17 16:06:10,551 [16:06:10 INFO]: [ChunkHolderManager] Saved 841 block chunks, 639 entity chunks, 0 poi chunks in world 'world' in 1.26s
2026-09-17 16:06:10,551 [16:06:10 INFO]: [ChunkHolderManager] Waiting 60s for chunk I/O to halt for world 'world'
2026-09-17 16:06:10,552 [16:06:10 INFO]: [ChunkHolderManager] Halted I/O scheduler for world 'world'
2026-09-17 16:06:10,594 [16:06:10 INFO]: Saving chunks for level 'ServerLevel[world_nether]'/minecraft:the_nether
2026-09-17 16:06:10,604 [16:06:10 INFO]: [ChunkHolderManager] Waiting 60s for chunk system to halt for world 'world_nether'
2026-09-17 16:06:10,606 [16:06:10 INFO]: [ChunkHolderManager] Halted chunk system for world 'world_nether'
2026-09-17 16:06:10,608 [16:06:10 INFO]: [ChunkHolderManager] Saving all chunkholders for world 'world_nether'
2026-09-17 16:06:11,093 [16:06:11 INFO]: [ChunkHolderManager] Saved 841 block chunks, 49 entity chunks, 0 poi chunks in world 'world_nether' in 0.47s
2026-09-17 16:06:11,093 [16:06:11 INFO]: [ChunkHolderManager] Waiting 60s for chunk I/O to halt for world 'world_nether'
2026-09-17 16:06:11,093 [16:06:11 INFO]: [ChunkHolderManager] Halted I/O scheduler for world 'world_nether'
2026-09-17 16:06:11,104 [16:06:11 INFO]: Saving chunks for level 'ServerLevel[world_the_end]'/minecraft:the_end
2026-09-17 16:06:11,129 [16:06:11 INFO]: [ChunkHolderManager] Waiting 60s for chunk system to halt for world 'world_the_end'
2026-09-17 16:06:11,129 [16:06:11 INFO]: [ChunkHolderManager] Halted chunk system for world 'world_the_end'
2026-09-17 16:06:11,129 [16:06:11 INFO]: [ChunkHolderManager] Saving all chunkholders for world 'world_the_end'
2026-09-17 16:06:11,832 [16:06:11 INFO]: [ChunkHolderManager] Saved 841 block chunks, 49 entity chunks, 0 poi chunks in world 'world_the_end' in 0.73s
2026-09-17 16:06:11,834 [16:06:11 INFO]: [ChunkHolderManager] Waiting 60s for chunk I/O to halt for world 'world_the_end'
2026-09-17 16:06:11,836 [16:06:11 INFO]: [ChunkHolderManager] Halted I/O scheduler for world 'world_the_end'
2026-09-17 16:06:11,858 [16:06:11 INFO]: ThreadedAnvilChunkStorage (world): All chunks are saved
2026-09-17 16:06:11,859 [16:06:11 INFO]: ThreadedAnvilChunkStorage (DIM-1): All chunks are saved
2026-09-17 16:06:11,860 [16:06:11 INFO]: ThreadedAnvilChunkStorage (DIM1): All chunks are saved
2026-09-17 16:06:11,861 [16:06:11 INFO]: ThreadedAnvilChunkStorage: All dimensions are saved
2026-09-17 16:06:11,862 [16:06:11 INFO]: Waiting for I/O tasks to complete...
2026-09-17 16:06:11,862 [16:06:11 INFO]: All I/O tasks to complete
2026-09-17 16:06:11,864 [16:06:11 INFO]: [MoonriseCommon] Awaiting termination of worker pool for up to 60s...
2026-09-17 16:06:11,867 [16:06:11 INFO]: [MoonriseCommon] Awaiting termination of I/O pool for up to 60s...
