[16:01:46] [ServerMain/INFO]: [bootstrap] Running Java 21 (OpenJDK 64-Bit Server VM 21.0.5+11-LTS; Eclipse Adoptium Temurin-21.0.5+11) on Windows 11 10.0 (amd64)
[16:01:46] [ServerMain/INFO]: [bootstrap] Loading Paper 1.21.4-1-master@4c39ea2 (2024-12-05T16:46:43Z) for Minecraft 1.21.4
[16:01:47] [ServerMain/INFO]: [PluginInitializerManager] Initializing plugins...
[16:01:47] [ServerMain/INFO]: [PluginInitializerManager] Initialized 0 plugins
[16:01:48] [Paper Plugin Remapper Thread - 0/INFO]: [ReobfServer] Remapping server...
[16:01:57] [Paper Plugin Remapper Thread - 0/INFO]: [ReobfServer] Done remapping server in 8212ms.
[16:01:57] [ServerMain/INFO]: Environment: Environment[sessionHost=https://sessionserver.mojang.com, servicesHost=https://api.minecraftservices.com, name=PROD]
[16:01:58] [ServerMain/INFO]: Found new data pack file/bukkit, loading it automatically
[16:01:58] [ServerMain/INFO]: Found new data pack paper, loading it automatically
[16:01:59] [ServerMain/INFO]: No existing world data, creating new world
[16:02:00] [ServerMain/INFO]: Loaded 1370 recipes
[16:02:00] [ServerMain/INFO]: Loaded 1481 advancements
[16:02:00] [ServerMain/INFO]: [MCTypeRegistry] Initialising converters for DataConverter...
[16:02:01] [ServerMain/INFO]: [MCTypeRegistry] Finished initialising converters for DataConverter in 356.7ms
[16:02:01] [Server thread/INFO]: Starting minecraft server version 1.21.4
[16:02:01] [Server thread/INFO]: Loading properties
[16:02:01] [Server thread/INFO]: This server is running Paper version 1.21.4-1-master@4c39ea2 (2024-12-05T16:46:43Z) (Implementing API version 1.21.4-R0.1-SNAPSHOT)
[16:02:02] [Server thread/INFO]: [spark] This server bundles the spark profiler. For more information please visit https://docs.papermc.io/paper/profiling
[16:02:02] [Server thread/INFO]: Using 4 threads for Netty based IO
[16:02:02] [Server thread/INFO]: Server Ping Player Sample Count: 12
[16:02:03] [Server thread/INFO]: [MoonriseCommon] Paper is using 3 worker threads, 1 I/O threads
[16:02:03] [Server thread/INFO]: [ChunkTaskScheduler] Chunk system is using population gen parallelism: true
[16:02:04] [Server thread/INFO]: Default game type: SURVIVAL
[16:02:04] [Server thread/INFO]: Generating keypair
[16:02:04] [Server thread/INFO]: Starting Minecraft server on *:25565
[16:02:04] [Server thread/INFO]: Using default channel type
[16:02:04] [Server thread/INFO]: Paper: Using Java compression from Velocity.
[16:02:04] [Server thread/INFO]: Paper: Using Java cipher from Velocity.
[16:02:04] [Server thread/WARN]: **** SERVER IS RUNNING IN OFFLINE/INSECURE MODE!
[16:02:04] [Server thread/WARN]: The server will make no attempt to authenticate usernames. Beware.
[16:02:04] [Server thread/WARN]: While this makes the game possible to play without internet access, it also opens up the ability for hackers to connect with any username they choose.
[16:02:04] [Server thread/WARN]: To change this, set "online-mode" to "true" in the server.properties file.
[16:02:04] [Server thread/INFO]: Preparing level "world"
[16:02:11] [Server thread/INFO]: Preparing start region for dimension minecraft:overworld
[16:02:11] [Server thread/INFO]: Preparing spawn area: 2%
[16:02:12] [Server thread/INFO]: Preparing spawn area: 2%
[16:02:12] [Server thread/INFO]: Preparing spawn area: 2%
[16:02:14] [Server thread/INFO]: Preparing spawn area: 2%
[16:02:14] [Server thread/INFO]: Preparing spawn area: 2%
[16:02:14] [Server thread/INFO]: Preparing spawn area: 18%
[16:02:14] [Server thread/INFO]: Preparing spawn area: 51%
[16:02:15] [Server thread/INFO]: Preparing spawn area: 61%
[16:02:15] [Server thread/INFO]: Preparing spawn area: 67%
[16:02:16] [Server thread/INFO]: Preparing spawn area: 71%
[16:02:16] [Server thread/INFO]: Time elapsed: 4696 ms
[16:02:16] [Server thread/INFO]: Preparing start region for dimension minecraft:the_nether
[16:02:16] [Server thread/INFO]: Preparing spawn area: 2%
[16:02:16] [Server thread/INFO]: Preparing spawn area: 12%
[16:02:17] [Server thread/INFO]: Preparing spawn area: 20%
[16:02:17] [Server thread/INFO]: Preparing spawn area: 73%
[16:02:18] [Server thread/INFO]: Time elapsed: 1671 ms
[16:02:18] [Server thread/INFO]: Preparing start region for dimension minecraft:the_end
[16:02:18] [Server thread/INFO]: Preparing spawn area: 2%
[16:02:18] [Server thread/INFO]: Time elapsed: 484 ms
[16:02:18] [Server thread/INFO]: [spark] Starting background profiler...
[16:02:18] [Server thread/INFO]: [spark] The async-profiler engine is not supported for your os/arch (windows11/amd64), so the built-in Java engine will be used instead.
[16:02:18] [Server thread/INFO]: Done preparing level "world" (14.754s)
[16:02:19] [Server thread/INFO]: Running delayed init tasks
[16:02:19] [Server thread/INFO]: Done (34.039s)! For help, type "help"
[16:02:19] [Server thread/INFO]: *************************************************************************************
[16:02:19] [Server thread/INFO]: This is the first time you're starting this server.
[16:02:19] [Server thread/INFO]: It's recommended you read our 'Getting Started' documentation for guidance.
[16:02:19] [Server thread/INFO]: View this and more helpful information here: https://docs.papermc.io/paper/next-steps
[16:02:19] [Server thread/INFO]: *************************************************************************************
[16:04:50] [User Authenticator #0/INFO]: UUID of player Hasbiboys_15 is 0ca787c0-0730-3423-a5c7-0ffe3e0a90c7
[16:04:53] [Server thread/INFO]: Hasbiboys_15 joined the game
[16:04:53] [Server thread/INFO]: Hasbiboys_15[/127.0.0.1:53365] logged in with entity id 49 at ([world]-524.5, 72.0, -208.5)
[16:05:57] [Server thread/INFO]: Hasbiboys_15 lost connection: Disconnected
[16:05:57] [Server thread/INFO]: Hasbiboys_15 left the game
[16:06:09] [Server thread/INFO]: Stopping the server
[16:06:09] [Server thread/INFO]: Stopping server
[16:06:09] [Server thread/INFO]: Saving players
[16:06:09] [Server thread/INFO]: Saving worlds
[16:06:09] [Server thread/INFO]: Saving chunks for level 'ServerLevel[world]'/minecraft:overworld
[16:06:09] [Server thread/INFO]: [ChunkHolderManager] Waiting 60s for chunk system to halt for world 'world'
[16:06:09] [Server thread/INFO]: [ChunkHolderManager] Halted chunk system for world 'world'
[16:06:09] [Server thread/INFO]: [ChunkHolderManager] Saving all chunkholders for world 'world'
[16:06:10] [Server thread/INFO]: [ChunkHolderManager] Saved 841 block chunks, 639 entity chunks, 0 poi chunks in world 'world' in 1.26s
[16:06:10] [Server thread/INFO]: [ChunkHolderManager] Waiting 60s for chunk I/O to halt for world 'world'
[16:06:10] [Server thread/INFO]: [ChunkHolderManager] Halted I/O scheduler for world 'world'
[16:06:10] [Server thread/INFO]: Saving chunks for level 'ServerLevel[world_nether]'/minecraft:the_nether
[16:06:10] [Server thread/INFO]: [ChunkHolderManager] Waiting 60s for chunk system to halt for world 'world_nether'
[16:06:10] [Server thread/INFO]: [ChunkHolderManager] Halted chunk system for world 'world_nether'
[16:06:10] [Server thread/INFO]: [ChunkHolderManager] Saving all chunkholders for world 'world_nether'
[16:06:11] [Server thread/INFO]: [ChunkHolderManager] Saved 841 block chunks, 49 entity chunks, 0 poi chunks in world 'world_nether' in 0.47s
[16:06:11] [Server thread/INFO]: [ChunkHolderManager] Waiting 60s for chunk I/O to halt for world 'world_nether'
[16:06:11] [Server thread/INFO]: [ChunkHolderManager] Halted I/O scheduler for world 'world_nether'
[16:06:11] [Server thread/INFO]: Saving chunks for level 'ServerLevel[world_the_end]'/minecraft:the_end
[16:06:11] [Server thread/INFO]: [ChunkHolderManager] Waiting 60s for chunk system to halt for world 'world_the_end'
[16:06:11] [Server thread/INFO]: [ChunkHolderManager] Halted chunk system for world 'world_the_end'
[16:06:11] [Server thread/INFO]: [ChunkHolderManager] Saving all chunkholders for world 'world_the_end'
[16:06:11] [Server thread/INFO]: [ChunkHolderManager] Saved 841 block chunks, 49 entity chunks, 0 poi chunks in world 'world_the_end' in 0.73s
[16:06:11] [Server thread/INFO]: [ChunkHolderManager] Waiting 60s for chunk I/O to halt for world 'world_the_end'
[16:06:11] [Server thread/INFO]: [ChunkHolderManager] Halted I/O scheduler for world 'world_the_end'
[16:06:11] [Server thread/INFO]: ThreadedAnvilChunkStorage (world): All chunks are saved
[16:06:11] [Server thread/INFO]: ThreadedAnvilChunkStorage (DIM-1): All chunks are saved
[16:06:11] [Server thread/INFO]: ThreadedAnvilChunkStorage (DIM1): All chunks are saved
[16:06:11] [Server thread/INFO]: ThreadedAnvilChunkStorage: All dimensions are saved
[16:06:11] [Server thread/INFO]: Waiting for I/O tasks to complete...
[16:06:11] [Server thread/INFO]: All I/O tasks to complete
[16:06:11] [Server thread/INFO]: [MoonriseCommon] Awaiting termination of worker pool for up to 60s...
[16:06:11] [Server thread/INFO]: [MoonriseCommon] Awaiting termination of I/O pool for up to 60s...
